Page list:
    docs/foo.html
    docs/index.html
    index.html
    test.html

Page tree:

root:
    index.html
    test.html

docs:
    foo.html
    index.html
